// Jest Snapshot v1, https://goo.gl/fbAQLP

exports[`renders correctly have are no items 1`] = `
<div
  className="cal-container"
>
  <p>
    Let us do some Math!!!
  </p>
  <div
    className="calculator"
  >
    <div
      className="cal-screen"
    >
      0
    </div>
    <div
      className="cal-buttons"
    >
      <button
        className="btn"
        onClick={[Function]}
        type="button"
        value="AC"
      >
        AC
      </button>
      <button
        className="btn"
        onClick={[Function]}
        type="button"
        value="AC"
      >
        +/-
      </button>
      <button
        className="btn"
        onClick={[Function]}
        type="button"
        value="AC"
      >
        %
      </button>
      <button
        className="btn primary"
        onClick={[Function]}
        type="button"
        value="AC"
      >
        รท
      </button>
      <button
        className="btn"
        onClick={[Function]}
        type="button"
        value="AC"
      >
        7
      </button>
      <button
        className="btn"
        onClick={[Function]}
        type="button"
        value="AC"
      >
        8
      </button>
      <button
        className="btn"
        onClick={[Function]}
        type="button"
        value="AC"
      >
        9
      </button>
      <button
        className="btn primary"
        onClick={[Function]}
        type="button"
        value="AC"
      >
        x
      </button>
      <button
        className="btn"
        onClick={[Function]}
        type="button"
        value="AC"
      >
        4
      </button>
      <button
        className="btn"
        onClick={[Function]}
        type="button"
        value="AC"
      >
        5
      </button>
      <button
        className="btn"
        onClick={[Function]}
        type="button"
        value="AC"
      >
        6
      </button>
      <button
        className="btn primary"
        onClick={[Function]}
        type="button"
        value="AC"
      >
        -
      </button>
      <button
        className="btn"
        onClick={[Function]}
        type="button"
        value="AC"
      >
        1
      </button>
      <button
        className="btn"
        onClick={[Function]}
        type="button"
        value="AC"
      >
        2
      </button>
      <button
        className="btn"
        onClick={[Function]}
        type="button"
        value="AC"
      >
        3
      </button>
      <button
        className="btn primary"
        onClick={[Function]}
        type="button"
        value="AC"
      >
        +
      </button>
      <button
        className="btn zero"
        onClick={[Function]}
        type="button"
        value="AC"
      >
        0
      </button>
      <button
        className="btn"
        onClick={[Function]}
        type="button"
        value="AC"
      >
        .
      </button>
      <button
        className="btn primary"
        onClick={[Function]}
        type="button"
        value="AC"
      >
        =
      </button>
    </div>
  </div>
</div>
`;
